============================= test session starts =============================
platform win32 -- Python 3.13.3, pytest-9.0.2, pluggy-1.6.0 -- H:\ATTCC\GITHUB\apm0014313-attcc-ops-portal\backend\.venv\Scripts\python.exe
cachedir: .pytest_cache
rootdir: H:\ATTCC\GITHUB\apm0014313-attcc-ops-portal\backend
configfile: pyproject.toml
plugins: anyio-4.12.1, asyncio-1.3.0, cov-7.0.0
asyncio: mode=Mode.AUTO, debug=False, asyncio_default_fixture_loop_scope=None, asyncio_default_test_loop_scope=function
collecting ... collected 1 item

tests/test_api.py::test_amortized_sync_returns_502_on_failed_sync[asyncio] 